[2026-09-01 10:39:13] [Profile] No CLI profile specified. Running in default root profile mode.
[2026-09-01 10:39:13] [Accounts] Loaded 3 account(s) from 'accounts.json'.
[2026-09-01 10:39:13] [10:39:13] Bot engine initialized (modular architecture).
[2026-09-01 10:58:40] [Profile] No CLI profile specified. Running in default root profile mode.
[2026-09-01 10:58:40] [Accounts] Loaded 3 account(s) from 'accounts.json'.
[2026-09-01 10:58:41] [10:58:41] Bot engine initialized (modular architecture).
[2026-09-01 11:25:47] [Profile] No CLI profile specified. Running in default root profile mode.
[2026-09-01 11:25:47] [Accounts] Loaded 3 account(s) from 'accounts.json'.
[2026-09-01 11:25:47] [11:25:47] Bot engine initialized (modular architecture).
[2026-09-01 11:57:00] [Profile] No CLI profile specified. Running in default root profile mode.
[2026-09-01 11:57:00] [Accounts] Loaded 3 account(s) from 'accounts.json'.
[2026-09-01 11:57:00] [11:57:00] Bot engine initialized (modular architecture).
[2026-09-01 12:09:13] [Profile] No CLI profile specified. Running in default root profile mode.
[2026-09-01 12:09:13] [Accounts] Loaded 3 account(s) from 'accounts.json'.
[2026-09-01 12:09:13] [12:09:13] Bot engine initialized (modular architecture).
[2026-09-01 13:25:09] [Profile] No CLI profile specified. Running in default root profile mode.
[2026-09-01 13:25:09] [Accounts] Loaded 3 account(s) from 'accounts.json'.
[2026-09-01 13:25:09] [13:25:09] Bot engine initialized (modular architecture).
[2026-09-01 14:47:42] [Profile] No CLI profile specified. Running in default root profile mode.
[2026-09-01 14:47:42] [Accounts] Loaded 3 account(s) from 'accounts.json'.
[2026-09-01 14:47:42] [14:47:42] Bot engine initialized (modular architecture).
[2026-09-01 14:57:31] [Profile] No CLI profile specified. Running in default root profile mode.
[2026-09-01 14:57:31] [Accounts] Loaded 3 account(s) from 'accounts.json'.
[2026-09-01 14:57:32] [14:57:32] Bot engine initialized (modular architecture).
[2026-09-01 15:19:32] [Profile] No CLI profile specified. Running in default root profile mode.
[2026-09-01 15:19:32] [Accounts] Loaded 3 account(s) from 'accounts.json'.
[2026-09-01 15:19:32] [15:19:32] Bot engine initialized (modular architecture).
[2026-09-01 18:27:44] [Profile] No CLI profile specified. Running in default root profile mode.
[2026-09-01 18:27:44] [Accounts] Loaded 3 account(s) from 'accounts.json'.
[2026-09-01 18:27:45] [18:27:45] Bot engine initialized (modular architecture).
[2026-09-01 18:31:57] [Profile] No CLI profile specified. Running in default root profile mode.
[2026-09-01 18:31:57] [Accounts] Loaded 3 account(s) from 'accounts.json'.
[2026-09-01 18:31:57] [18:31:57] Bot engine initialized (modular architecture).
[2026-09-01 18:37:41] [Profile] No CLI profile specified. Running in default root profile mode.
[2026-09-01 18:37:41] [Accounts] Loaded 3 account(s) from 'accounts.json'.
[2026-09-01 18:37:41] [18:37:41] Bot engine initialized (modular architecture).
[2026-09-02 11:31:28] [Profile] No CLI profile specified. Running in default root profile mode.
[2026-09-02 11:31:28] [Accounts] Loaded 3 account(s) from 'accounts.json'.
[2026-09-02 11:31:28] Plugin com.rebuild.automation is loading (IL2CPP)...
[2026-09-02 11:31:28] [WorldGraph] Successfully loaded 1742 embedded warp portals across 242 maps.
[2026-09-02 11:31:28] [WorldGraph] Baked comprehensive Kafra teleport network into world graph.
[2026-09-02 11:31:28] Harmony patches applied successfully.
[2026-09-02 11:31:28] Rebuild Automation Bot initialized successfully!
[2026-09-02 11:31:28] Bot engine initialized (modular architecture).
[2026-09-02 11:34:25] Toggled Bot (F10): ON
[2026-09-02 11:34:25] [Profile] In-game character identified as 'Test-Archer'. Switching active profile...
